Optimizing Linkage Editor (V.9.05.00.000)         27-Nov-2013 09:36:25

*** Options ***

-subcommand=D:\SIT4S_MC\CPUB\CPUB\Release\CPUB.hlk
-noprelink
-rom=D=R,P=PRAM,PvupsciROM=PvupsciRAM,Pcall=PcallRAM,INTHandler=INTHdlrRAM,INTTBL=INTTBLRAM,IntPRG=IntPRGRAM,PHiROM=PHiRAM
-nomessage
-list="D:\SIT4S_MC\CPUB\CPUB\Release\CPUB.map"
-nooptimize
-start=INTHdlrRAM, &INTTBLRAM, &IntPRGRAM/0C000800, &PcallRAM/0C002000, &PRAM/0C004000, &Bwkram1, &Blcdctrl, &B, &R/0C090000, &PvupsciRAM/0C180000, &Blcd_vram/0C200000, &RSTHandler/0A0000000, &INTHandler, &INTTBL, &IntPRG/0A0000800, &VECTTBL/0A0002000, &ResetPRG/0A0002400, &Phwsetup1, &Chwsetup1/0A0002800, &PvupsciROM/0A0004000, &Pcall/0A0008000, &Pstart, &Pstart1/0A000A000, &P, &PHiROM, &C, &D, &C$BSEC, &C$DSEC/0A000B000, &Pctl_TBL/0A0086000, &Psum_code/0A00CFF00, &REG1/0A4000000, &PHiRAM/0A5007000, &Bwkiram1/0A5017000, &Stack/0A50187F0, &BvupsciwkRAM/0AC104000, &Bkata_work/0AC1E0000, &Bfram/0B4000000, &BframSEQ/0B4007000, &Bopram/0B5000000, &Bdpram/0B8000000, &Bfrom/0B9000000, &Pall_chr_tbl/0B9010000, &Pgam_inf_tbl/0B9028000, &Pcbsys/0B90B0000, &Pcb_TBL1X/0B90C0000, &Pkanrom/0B9100000, &Pgam_table2/0B9140000, &Pall_chr_tbl2/0B9150000, &Pgam_inf_tbl2/0B9180000, &Bposlsi1/0BA000000, &Bdio/0BB000000, &REG2/0FFFFF000
-nologo
-input="D:\SIT4S_MC\CPUB\CPUB\Release\CPU_REG.obj"
-input="D:\SIT4S_MC\CPUB\CPUB\Release\CPUB.obj"
-input="D:\SIT4S_MC\CPUB\CPUB\Release\dbsct.obj"
-input="D:\SIT4S_MC\CPUB\CPUB\Release\hwsetup.obj"
-input="D:\SIT4S_MC\CPUB\CPUB\Release\initsct.obj"
-input="D:\SIT4S_MC\CPUB\CPUB\Release\intprg.obj"
-input="D:\SIT4S_MC\CPUB\CPUB\Release\resetprg.obj"
-input="D:\SIT4S_MC\CPUB\CPUB\Release\sbrk.obj"
-input="D:\SIT4S_MC\CPUB\CPUB\Release\ssa_acrm.obj"
-input="D:\SIT4S_MC\CPUB\CPUB\Release\ssa_cblp.obj"
-input="D:\SIT4S_MC\CPUB\CPUB\Release\ssa_cbmn.obj"
-input="D:\SIT4S_MC\CPUB\CPUB\Release\ssa_com1.obj"
-input="D:\SIT4S_MC\CPUB\CPUB\Release\ssa_ctbl.obj"
-input="D:\SIT4S_MC\CPUB\CPUB\Release\ssa_ctrl.obj"
-input="D:\SIT4S_MC\CPUB\CPUB\Release\ssa_dio1.obj"
-input="D:\SIT4S_MC\CPUB\CPUB\Release\ssa_dioy.obj"
-input="D:\SIT4S_MC\CPUB\CPUB\Release\ssa_dtmk.obj"
-input="D:\SIT4S_MC\CPUB\CPUB\Release\ssa_else.obj"
-input="D:\SIT4S_MC\CPUB\CPUB\Release\ssa_err1.obj"
-input="D:\SIT4S_MC\CPUB\CPUB\Release\ssa_et1b.obj"
-input="D:\SIT4S_MC\CPUB\CPUB\Release\ssa_fram_data.obj"
-input="D:\SIT4S_MC\CPUB\CPUB\Release\ssa_frif.obj"
-input="D:\SIT4S_MC\CPUB\CPUB\Release\ssa_had1.obj"
-input="D:\SIT4S_MC\CPUB\CPUB\Release\ssa_hmi2.obj"
-input="D:\SIT4S_MC\CPUB\CPUB\Release\ssa_k.obj"
-input="D:\SIT4S_MC\CPUB\CPUB\Release\ssa_khad.obj"
-input="D:\SIT4S_MC\CPUB\CPUB\Release\ssa_mem1.obj"
-input="D:\SIT4S_MC\CPUB\CPUB\Release\ssa_opram.obj"
-input="D:\SIT4S_MC\CPUB\CPUB\Release\ssa_pcal.obj"
-input="D:\SIT4S_MC\CPUB\CPUB\Release\ssa_pos1.obj"
-input="D:\SIT4S_MC\CPUB\CPUB\Release\ssa_scal.obj"
-input="D:\SIT4S_MC\CPUB\CPUB\Release\ssa_self.obj"
-input="D:\SIT4S_MC\CPUB\CPUB\Release\ssa_svup.obj"
-input="D:\SIT4S_MC\CPUB\CPUB\Release\ssa_tbl1.obj"
-input="D:\SIT4S_MC\CPUB\CPUB\Release\ssa_tbl2.obj"
-input="D:\SIT4S_MC\CPUB\CPUB\Release\ssa_wrmk.obj"
-input="D:\SIT4S_MC\CPUB\CPUB\Release\ssa_y.obj"
-input="D:\SIT4S_MC\CPUB\CPUB\Release\ssc_col1.obj"
-input="D:\SIT4S_MC\CPUB\CPUB\Release\ssc_count.obj"
-input="D:\SIT4S_MC\CPUB\CPUB\Release\ssc_Csr.obj"
-input="D:\SIT4S_MC\CPUB\CPUB\Release\ssc_Dandor.obj"
-input="D:\SIT4S_MC\CPUB\CPUB\Release\ssc_Dataset.obj"
-input="D:\SIT4S_MC\CPUB\CPUB\Release\ssc_dif1.obj"
-input="D:\SIT4S_MC\CPUB\CPUB\Release\ssc_disp.obj"
-input="D:\SIT4S_MC\CPUB\CPUB\Release\ssc_disp1.obj"
-input="D:\SIT4S_MC\CPUB\CPUB\Release\ssc_dptrans_CAM.obj"
-input="D:\SIT4S_MC\CPUB\CPUB\Release\ssc_dptrans_GEN.obj"
-input="D:\SIT4S_MC\CPUB\CPUB\Release\ssc_dptrans_MOT.obj"
-input="D:\SIT4S_MC\CPUB\CPUB\Release\ssc_dptrans_SEQ.obj"
-input="D:\SIT4S_MC\CPUB\CPUB\Release\ssc_dptrans_SRV.obj"
-input="D:\SIT4S_MC\CPUB\CPUB\Release\ssc_dptrans_SYS.obj"
-input="D:\SIT4S_MC\CPUB\CPUB\Release\ssc_dptrans_write.obj"
-input="D:\SIT4S_MC\CPUB\CPUB\Release\ssc_graph.obj"
-input="D:\SIT4S_MC\CPUB\CPUB\Release\ssc_hmi1.obj"
-input="D:\SIT4S_MC\CPUB\CPUB\Release\ssc_if_disp.obj"
-input="D:\SIT4S_MC\CPUB\CPUB\Release\ssc_introck.obj"
-input="D:\SIT4S_MC\CPUB\CPUB\Release\ssc_k.obj"
-input="D:\SIT4S_MC\CPUB\CPUB\Release\ssc_key.obj"
-input="D:\SIT4S_MC\CPUB\CPUB\Release\ssc_main.obj"
-input="D:\SIT4S_MC\CPUB\CPUB\Release\ssc_option.obj"
-input="D:\SIT4S_MC\CPUB\CPUB\Release\ssc_ptn.obj"
-input="D:\SIT4S_MC\CPUB\CPUB\Release\ssc_rulet.obj"
-input="D:\SIT4S_MC\CPUB\CPUB\Release\ssc_rulet_data.obj"
-input="D:\SIT4S_MC\CPUB\CPUB\Release\ssc_rulet_deg.obj"
-input="D:\SIT4S_MC\CPUB\CPUB\Release\ssc_rulet_frame.obj"
-input="D:\SIT4S_MC\CPUB\CPUB\Release\ssc_Seisa.obj"
-input="D:\SIT4S_MC\CPUB\CPUB\Release\ssc_SvPv.obj"
-input="D:\SIT4S_MC\CPUB\CPUB\Release\ssc_Sw.obj"
-input="D:\SIT4S_MC\CPUB\CPUB\Release\ssc_Sysset.obj"
-input="D:\SIT4S_MC\CPUB\CPUB\Release\ssc_tbl.obj"
-input="D:\SIT4S_MC\CPUB\CPUB\Release\ssc_tbl_inf.obj"
-input="D:\SIT4S_MC\CPUB\CPUB\Release\ssc_Tlink.obj"
-input="D:\SIT4S_MC\CPUB\CPUB\Release\ssc_work.obj"
-input="D:\SIT4S_MC\CPUB\CPUB\Release\ssc_wrmh.obj"
-input="D:\SIT4S_MC\CPUB\CPUB\Release\ssc_wrmk.obj"
-input="D:\SIT4S_MC\CPUB\CPUB\Release\ssc_wrms.obj"
-input="D:\SIT4S_MC\CPUB\CPUB\Release\ssc_wrmy.obj"
-input="D:\SIT4S_MC\CPUB\CPUB\Release\stacksct.obj"
-input="D:\SIT4S_MC\CPUB\CPUB\Release\vecttbl.obj"
-input="D:\SIT4S_MC\CPUB\CPUB\Release\vhandler.obj"
-library="c:\program files\renesas\hew\tools\renesas\sh\9_3_0\lib\sh3dspnb.lib"
-library="D:\SIT4S_MC\CPUB\CPUB\Release\CPUB.lib"
-output="D:\SIT4S_MC\CPUB\CPUB\Release\CPUB.abs"
-end

*** Error information ***

** L1100 (W) Cannot find "C$BSEC" specified in option "start"
** L1100 (W) Cannot find "C$DSEC" specified in option "start"

*** Mapping List ***

SECTION                            START      END         SIZE   ALIGN

INTHdlrRAM
                                  0c000800  0c000d53       554   4
INTTBLRAM
                                  0c000d54  0c000f33       1e0   4
IntPRGRAM
                                  0c000f34  0c00179b       868   4
PcallRAM
                                  0c002000  0c002467       468   4
PRAM
                                  0c004000  0c05b249     5724a   4
Bwkram1
                                  0c090000  0c0fd5e7     6d5e8   4
Blcdctrl
                                  0c0fd5e8  0c0fd5e9         2   4
B
                                  0c0fd5ec  0c0ff69b      20b0   4
R
                                  0c0ff69c  0c0fffbb       920   4
PvupsciRAM
                                  0c180000  0c182d71      2d72   4
Blcd_vram
                                  0c200000  0c2dbfff     dc000   4
RSTHandler
                                  a0000000  a000001b        1c   4
INTHandler
                                  a0000800  a0000d53       554   4
INTTBL
                                  a0000d54  a0000f33       1e0   4
IntPRG
                                  a0000f34  a000179b       868   4
VECTTBL
                                  a0002000  a0002007         8   4
ResetPRG
                                  a0002400  a0002607       208   4
Phwsetup1
                                  a0002800  a000368f       e90   4
Chwsetup1
                                  a0003690  a00037cb       13c   4
PvupsciROM
                                  a0004000  a0006d71      2d72   4
Pcall
                                  a0008000  a0008467       468   4
Pstart
                                  a000a000  a000a077        78   4
Pstart1
                                  a000a078  a000a22b       1b4   4
P
                                  a000b000  a0062249     5724a   4
PHiROM
                                  a006224c  a0064003      1db8   4
C
                                  a0064004  a0066b91      2b8e   4
D
                                  a0066b94  a00674b3       920   4
Pctl_TBL
                                  a0086000  a009d623     17624   4
Psum_code
                                  a00cff00  a00cff07         8   4
REG1
                                  a4000000  a4000c29       c2a   4
PHiRAM
                                  a5007000  a5008db7      1db8   4
Bwkiram1
                                  a5017000  a501741d       41e   4
Stack
                                  a50187f0  a5018fef       800   4
BvupsciwkRAM
                                  ac104000  ac104625       626   4
Bkata_work
                                  ac1e0000  ac1e0000         0   4
Bfram
                                  b4000000  b40060ff      6100   4
BframSEQ
                                  b4007000  b4007cff       d00   4
Bopram
                                  b5000000  b5000fad       fae   4
Bdpram
                                  b8000000  b8003fff      4000   4
Bfrom
                                  b9000000  b90080a3      80a4   4
Pall_chr_tbl
                                  b9010000  b9010000         0   4
Pgam_inf_tbl
                                  b9028000  b9028000         0   4
Pcbsys
                                  b90b0000  b90b306f      3070   4
Pcb_TBL1X
                                  b90c0000  b90d3c23     13c24   4
Pkanrom
                                  b9100000  b9100000         0   4
Pgam_table2
                                  b9140000  b9140000         0   4
Pall_chr_tbl2
                                  b9150000  b9150000         0   4
Pgam_inf_tbl2
                                  b9180000  b9180000         0   4
Bposlsi1
                                  ba000000  ba000000         0   4
Bdio
                                  bb000000  bb000205       206   4
REG2
                                  fffff000  ffffffff      1000   4
